[1/4] "D:\Clion\CLion 2026.1\bin\mingw\bin\g++.exe" -DMINGW_HAS_SECURE_API=1 -DQT_CHARTS_LIB -DQT_CORE_LIB -DQT_GUI_LIB -DQT_NEEDS_QMAIN -DQT_NETWORK_LIB -DQT_OPENGLWIDGETS_LIB -DQT_OPENGL_LIB -DQT_PRINTSUPPORT_LIB -DQT_SQL_LIB -DQT_SVG_LIB -DQT_WIDGETS_LIB -DUNICODE -DWIN32 -DWIN64 -D_ENABLE_EXTENDED_ALIGNED_STORAGE -D_UNICODE -D_WIN64 -I"D:/CLion Projects/TheRealCampusBallot/cmake-build-debug/TheRealCampusBallot_autogen/include" -I"D:/CLion Projects/TheRealCampusBallot" -isystem D:/Qt/6.11.1/mingw_64/include/QtCore -isystem D:/Qt/6.11.1/mingw_64/include -isystem D:/Qt/6.11.1/mingw_64/mkspecs/win32-g++ -isystem D:/Qt/6.11.1/mingw_64/include/QtGui -isystem D:/Qt/6.11.1/mingw_64/include/QtWidgets -isystem D:/Qt/6.11.1/mingw_64/include/QtSql -isystem D:/Qt/6.11.1/mingw_64/include/QtNetwork -isystem D:/Qt/6.11.1/mingw_64/include/QtCharts -isystem D:/Qt/6.11.1/mingw_64/include/QtOpenGL -isystem D:/Qt/6.11.1/mingw_64/include/QtOpenGLWidgets -isystem D:/Qt/6.11.1/mingw_64/include/QtSvg -isystem D:/Qt/6.11.1/mingw_64/include/QtPrintSupport -g -std=gnu++20 -fdiagnostics-color=always -MD -MT CMakeFiles/TheRealCampusBallot.dir/TheRealCampusBallot_autogen/mocs_compilation.cpp.obj -MF CMakeFiles\TheRealCampusBallot.dir\TheRealCampusBallot_autogen\mocs_compilation.cpp.obj.d -o CMakeFiles/TheRealCampusBallot.dir/TheRealCampusBallot_autogen/mocs_compilation.cpp.obj -c "D:/CLion Projects/TheRealCampusBallot/cmake-build-debug/TheRealCampusBallot_autogen/mocs_compilation.cpp"
FAILED: [code=1] CMakeFiles/TheRealCampusBallot.dir/TheRealCampusBallot_autogen/mocs_compilation.cpp.obj 
"D:\Clion\CLion 2026.1\bin\mingw\bin\g++.exe" -DMINGW_HAS_SECURE_API=1 -DQT_CHARTS_LIB -DQT_CORE_LIB -DQT_GUI_LIB -DQT_NEEDS_QMAIN -DQT_NETWORK_LIB -DQT_OPENGLWIDGETS_LIB -DQT_OPENGL_LIB -DQT_PRINTSUPPORT_LIB -DQT_SQL_LIB -DQT_SVG_LIB -DQT_WIDGETS_LIB -DUNICODE -DWIN32 -DWIN64 -D_ENABLE_EXTENDED_ALIGNED_STORAGE -D_UNICODE -D_WIN64 -I"D:/CLion Projects/TheRealCampusBallot/cmake-build-debug/TheRealCampusBallot_autogen/include" -I"D:/CLion Projects/TheRealCampusBallot" -isystem D:/Qt/6.11.1/mingw_64/include/QtCore -isystem D:/Qt/6.11.1/mingw_64/include -isystem D:/Qt/6.11.1/mingw_64/mkspecs/win32-g++ -isystem D:/Qt/6.11.1/mingw_64/include/QtGui -isystem D:/Qt/6.11.1/mingw_64/include/QtWidgets -isystem D:/Qt/6.11.1/mingw_64/include/QtSql -isystem D:/Qt/6.11.1/mingw_64/include/QtNetwork -isystem D:/Qt/6.11.1/mingw_64/include/QtCharts -isystem D:/Qt/6.11.1/mingw_64/include/QtOpenGL -isystem D:/Qt/6.11.1/mingw_64/include/QtOpenGLWidgets -isystem D:/Qt/6.11.1/mingw_64/include/QtSvg -isystem D:/Qt/6.11.1/mingw_64/include/QtPrintSupport -g -std=gnu++20 -fdiagnostics-color=always -MD -MT CMakeFiles/TheRealCampusBallot.dir/TheRealCampusBallot_autogen/mocs_compilation.cpp.obj -MF CMakeFiles\TheRealCampusBallot.dir\TheRealCampusBallot_autogen\mocs_compilation.cpp.obj.d -o CMakeFiles/TheRealCampusBallot.dir/TheRealCampusBallot_autogen/mocs_compilation.cpp.obj -c "D:/CLion Projects/TheRealCampusBallot/cmake-build-debug/TheRealCampusBallot_autogen/mocs_compilation.cpp"
[2/4] "D:\Clion\CLion 2026.1\bin\mingw\bin\g++.exe" -DMINGW_HAS_SECURE_API=1 -DQT_CHARTS_LIB -DQT_CORE_LIB -DQT_GUI_LIB -DQT_NEEDS_QMAIN -DQT_NETWORK_LIB -DQT_OPENGLWIDGETS_LIB -DQT_OPENGL_LIB -DQT_PRINTSUPPORT_LIB -DQT_SQL_LIB -DQT_SVG_LIB -DQT_WIDGETS_LIB -DUNICODE -DWIN32 -DWIN64 -D_ENABLE_EXTENDED_ALIGNED_STORAGE -D_UNICODE -D_WIN64 -I"D:/CLion Projects/TheRealCampusBallot/cmake-build-debug/TheRealCampusBallot_autogen/include" -I"D:/CLion Projects/TheRealCampusBallot" -isystem D:/Qt/6.11.1/mingw_64/include/QtCore -isystem D:/Qt/6.11.1/mingw_64/include -isystem D:/Qt/6.11.1/mingw_64/mkspecs/win32-g++ -isystem D:/Qt/6.11.1/mingw_64/include/QtGui -isystem D:/Qt/6.11.1/mingw_64/include/QtWidgets -isystem D:/Qt/6.11.1/mingw_64/include/QtSql -isystem D:/Qt/6.11.1/mingw_64/include/QtNetwork -isystem D:/Qt/6.11.1/mingw_64/include/QtCharts -isystem D:/Qt/6.11.1/mingw_64/include/QtOpenGL -isystem D:/Qt/6.11.1/mingw_64/include/QtOpenGLWidgets -isystem D:/Qt/6.11.1/mingw_64/include/QtSvg -isystem D:/Qt/6.11.1/mingw_64/include/QtPrintSupport -g -std=gnu++20 -fdiagnostics-color=always -MD -MT CMakeFiles/TheRealCampusBallot.dir/src/ui/views/AdminPanel.cpp.obj -MF CMakeFiles\TheRealCampusBallot.dir\src\ui\views\AdminPanel.cpp.obj.d -o CMakeFiles/TheRealCampusBallot.dir/src/ui/views/AdminPanel.cpp.obj -c "D:/CLion Projects/TheRealCampusBallot/src/ui/views/AdminPanel.cpp"
FAILED: [code=1] CMakeFiles/TheRealCampusBallot.dir/src/ui/views/AdminPanel.cpp.obj 
"D:\Clion\CLion 2026.1\bin\mingw\bin\g++.exe" -DMINGW_HAS_SECURE_API=1 -DQT_CHARTS_LIB -DQT_CORE_LIB -DQT_GUI_LIB -DQT_NEEDS_QMAIN -DQT_NETWORK_LIB -DQT_OPENGLWIDGETS_LIB -DQT_OPENGL_LIB -DQT_PRINTSUPPORT_LIB -DQT_SQL_LIB -DQT_SVG_LIB -DQT_WIDGETS_LIB -DUNICODE -DWIN32 -DWIN64 -D_ENABLE_EXTENDED_ALIGNED_STORAGE -D_UNICODE -D_WIN64 -I"D:/CLion Projects/TheRealCampusBallot/cmake-build-debug/TheRealCampusBallot_autogen/include" -I"D:/CLion Projects/TheRealCampusBallot" -isystem D:/Qt/6.11.1/mingw_64/include/QtCore -isystem D:/Qt/6.11.1/mingw_64/include -isystem D:/Qt/6.11.1/mingw_64/mkspecs/win32-g++ -isystem D:/Qt/6.11.1/mingw_64/include/QtGui -isystem D:/Qt/6.11.1/mingw_64/include/QtWidgets -isystem D:/Qt/6.11.1/mingw_64/include/QtSql -isystem D:/Qt/6.11.1/mingw_64/include/QtNetwork -isystem D:/Qt/6.11.1/mingw_64/include/QtCharts -isystem D:/Qt/6.11.1/mingw_64/include/QtOpenGL -isystem D:/Qt/6.11.1/mingw_64/include/QtOpenGLWidgets -isystem D:/Qt/6.11.1/mingw_64/include/QtSvg -isystem D:/Qt/6.11.1/mingw_64/include/QtPrintSupport -g -std=gnu++20 -fdiagnostics-color=always -MD -MT CMakeFiles/TheRealCampusBallot.dir/src/ui/views/AdminPanel.cpp.obj -MF CMakeFiles\TheRealCampusBallot.dir\src\ui\views\AdminPanel.cpp.obj.d -o CMakeFiles/TheRealCampusBallot.dir/src/ui/views/AdminPanel.cpp.obj -c "D:/CLion Projects/TheRealCampusBallot/src/ui/views/AdminPanel.cpp"
[3/4] "D:\Clion\CLion 2026.1\bin\mingw\bin\g++.exe" -DMINGW_HAS_SECURE_API=1 -DQT_CHARTS_LIB -DQT_CORE_LIB -DQT_GUI_LIB -DQT_NEEDS_QMAIN -DQT_NETWORK_LIB -DQT_OPENGLWIDGETS_LIB -DQT_OPENGL_LIB -DQT_PRINTSUPPORT_LIB -DQT_SQL_LIB -DQT_SVG_LIB -DQT_WIDGETS_LIB -DUNICODE -DWIN32 -DWIN64 -D_ENABLE_EXTENDED_ALIGNED_STORAGE -D_UNICODE -D_WIN64 -I"D:/CLion Projects/TheRealCampusBallot/cmake-build-debug/TheRealCampusBallot_autogen/include" -I"D:/CLion Projects/TheRealCampusBallot" -isystem D:/Qt/6.11.1/mingw_64/include/QtCore -isystem D:/Qt/6.11.1/mingw_64/include -isystem D:/Qt/6.11.1/mingw_64/mkspecs/win32-g++ -isystem D:/Qt/6.11.1/mingw_64/include/QtGui -isystem D:/Qt/6.11.1/mingw_64/include/QtWidgets -isystem D:/Qt/6.11.1/mingw_64/include/QtSql -isystem D:/Qt/6.11.1/mingw_64/include/QtNetwork -isystem D:/Qt/6.11.1/mingw_64/include/QtCharts -isystem D:/Qt/6.11.1/mingw_64/include/QtOpenGL -isystem D:/Qt/6.11.1/mingw_64/include/QtOpenGLWidgets -isystem D:/Qt/6.11.1/mingw_64/include/QtSvg -isystem D:/Qt/6.11.1/mingw_64/include/QtPrintSupport -g -std=gnu++20 -fdiagnostics-color=always -MD -MT CMakeFiles/TheRealCampusBallot.dir/src/ui/views/CandidateDialog.cpp.obj -MF CMakeFiles\TheRealCampusBallot.dir\src\ui\views\CandidateDialog.cpp.obj.d -o CMakeFiles/TheRealCampusBallot.dir/src/ui/views/CandidateDialog.cpp.obj -c "D:/CLion Projects/TheRealCampusBallot/src/ui/views/CandidateDialog.cpp"
FAILED: [code=1] CMakeFiles/TheRealCampusBallot.dir/src/ui/views/CandidateDialog.cpp.obj 
"D:\Clion\CLion 2026.1\bin\mingw\bin\g++.exe" -DMINGW_HAS_SECURE_API=1 -DQT_CHARTS_LIB -DQT_CORE_LIB -DQT_GUI_LIB -DQT_NEEDS_QMAIN -DQT_NETWORK_LIB -DQT_OPENGLWIDGETS_LIB -DQT_OPENGL_LIB -DQT_PRINTSUPPORT_LIB -DQT_SQL_LIB -DQT_SVG_LIB -DQT_WIDGETS_LIB -DUNICODE -DWIN32 -DWIN64 -D_ENABLE_EXTENDED_ALIGNED_STORAGE -D_UNICODE -D_WIN64 -I"D:/CLion Projects/TheRealCampusBallot/cmake-build-debug/TheRealCampusBallot_autogen/include" -I"D:/CLion Projects/TheRealCampusBallot" -isystem D:/Qt/6.11.1/mingw_64/include/QtCore -isystem D:/Qt/6.11.1/mingw_64/include -isystem D:/Qt/6.11.1/mingw_64/mkspecs/win32-g++ -isystem D:/Qt/6.11.1/mingw_64/include/QtGui -isystem D:/Qt/6.11.1/mingw_64/include/QtWidgets -isystem D:/Qt/6.11.1/mingw_64/include/QtSql -isystem D:/Qt/6.11.1/mingw_64/include/QtNetwork -isystem D:/Qt/6.11.1/mingw_64/include/QtCharts -isystem D:/Qt/6.11.1/mingw_64/include/QtOpenGL -isystem D:/Qt/6.11.1/mingw_64/include/QtOpenGLWidgets -isystem D:/Qt/6.11.1/mingw_64/include/QtSvg -isystem D:/Qt/6.11.1/mingw_64/include/QtPrintSupport -g -std=gnu++20 -fdiagnostics-color=always -MD -MT CMakeFiles/TheRealCampusBallot.dir/src/ui/views/CandidateDialog.cpp.obj -MF CMakeFiles\TheRealCampusBallot.dir\src\ui\views\CandidateDialog.cpp.obj.d -o CMakeFiles/TheRealCampusBallot.dir/src/ui/views/CandidateDialog.cpp.obj -c "D:/CLion Projects/TheRealCampusBallot/src/ui/views/CandidateDialog.cpp"
ninja: build stopped: subcommand failed.
